// Jest Snapshot v1, https://goo.gl/fbAQLP

exports[`Transfer renders Transfer correctly 1`] = `
<div>
  <div
    class="ui-transfer ui-transfer-radius"
    style="width:500px"
  >
    <div
      class="ui-transfer-panel"
    >
      <h4
        class="ui-transfer-panel-title"
      >
        初始值
      </h4>
      <span
        class="za-select is-disabled"
      >
        <span
          aria-autocomplete="list"
          aria-expanded="false"
          aria-haspopup="true"
          class="za-select__selection"
          style="height:100%;max-height:250px;overflow:auto"
        >
          <ul
            class="za-menu za-menu-root za-menu-light za-menu-inline"
            role="menu"
          >
            <li
              class="za-option__list"
              style="padding-right:10px"
            >
              张三
            </li>
            <li
              class="za-option__list"
              style="padding-right:10px"
            >
              李四
            </li>
            <li
              class="za-option__list"
              style="padding-right:10px"
            >
              王五
            </li>
            <li
              class="za-option__list"
              style="padding-right:10px"
            >
              奥巴马
            </li>
          </ul>
        </span>
      </span>
    </div>
    <div
      class="ui-transfer-action-bar"
    >
      <div
        class="button-wrapper"
      >
        <button
          class="zw-button zw-button--default zw-button--md zw-button--radius zw-button--disabled"
          disabled=""
          type="button"
        >
          <span>
            <i
              class="zw-icon zw-icon--add zw-icon--default zw-icon--md"
              theme="default"
              type="add"
            >
              <svg
                fill="currentColor"
                height="1em"
                viewBox="0 0 32 32"
                width="1em"
              >
                <use
                  href="#add"
                />
              </svg>
            </i>
          </span>
        </button>
        <button
          class="zw-button zw-button--default zw-button--md zw-button--radius zw-button--disabled"
          disabled=""
          type="button"
        >
          <span>
            <i
              class="zw-icon zw-icon--minus zw-icon--default zw-icon--md"
              theme="default"
              type="minus"
            >
              <svg
                fill="currentColor"
                height="1em"
                viewBox="0 0 32 32"
                width="1em"
              >
                <use
                  href="#minus"
                />
              </svg>
            </i>
          </span>
        </button>
      </div>
    </div>
    <div
      class="ui-transfer-panel"
    >
      <h4
        class="ui-transfer-panel-title"
      >
        已选值
      </h4>
      <span
        class="za-select is-disabled"
      >
        <span
          aria-autocomplete="list"
          aria-expanded="false"
          aria-haspopup="true"
          class="za-select__selection"
          style="height:100%;max-height:250px;overflow:auto"
        >
          <ul
            class="za-menu za-menu-root za-menu-light za-menu-inline"
            role="menu"
          />
        </span>
      </span>
    </div>
  </div>
</div>
`;
