// Jest Snapshot v1, https://goo.gl/fbAQLP

exports[`Alert renders basic Alert correctly 1`] = `
<ForwardRef(forwardRef)
  message="这是一个警告框"
  onClose={[MockFunction]}
  theme="warning"
  visible={true}
>
  <LocaleReceiver
    forwardedRef={null}
    message="这是一个警告框"
    onClose={[MockFunction]}
    theme="warning"
    visible={true}
  >
    <AlertExtension
      className=""
      closable={true}
      hideIcon={false}
      locale={
        Object {
          "close": "关闭",
        }
      }
      localeCode="zh-cn"
      message="这是一个警告框"
      onClose={[MockFunction]}
      prefixCls="ui-alert"
      theme="warning"
      visible={true}
      width={270}
    >
      <Modal
        animationDuration={300}
        animationType="zoom"
        className=""
        isRadius={false}
        isRound={false}
        minWidth={270}
        onMaskClick={[Function]}
        prefixCls="ui-modal"
        visible={true}
        width={270}
      >
        <Portal
          containerInfo={
            <div>
              <div
                class="ui-modal fade-enter"
                style="animation-duration: 300ms; position: fixed;"
              >
                <div
                  class="ui-modal-wrapper"
                >
                  <div
                    class="ui-modal-dialog zoom-enter"
                    style="width: 270px; min-width: 270px; animation-duration: 300ms;"
                    tabindex="-1"
                  >
                    <div
                      class="ui-modal-body"
                      style="height: auto;"
                    >
                      <div
                        class="ui-alert"
                      >
                        <i
                          class="zw-icon zw-icon--warning-round zw-icon--warning zw-icon--md"
                          theme="warning"
                          type="warning-round"
                        >
                          <svg
                            fill="currentColor"
                            height="1em"
                            viewBox="0 0 32 32"
                            width="1em"
                          >
                            <use
                              xlink:href="#warning-round"
                            />
                          </svg>
                        </i>
                        <span>
                          这是一个警告框
                        </span>
                      </div>
                    </div>
                    <div
                      class="ui-modal-footer"
                    >
                      <button
                        class="zw-button zw-button--default zw-button--md zw-button--radius"
                        type="button"
                      >
                        <span>
                          关闭
                        </span>
                      </button>
                    </div>
                  </div>
                </div>
              </div>
            </div>
          }
        >
          <div
            className="ui-modal fade-enter"
            onClick={[Function]}
            style={
              Object {
                "animationDuration": "300ms",
                "position": "fixed",
              }
            }
          >
            <div
              className="ui-modal-wrapper"
            >
              <div
                className="ui-modal-dialog zoom-enter"
                onClick={[Function]}
                onKeyDown={[Function]}
                onKeyPress={[Function]}
                style={
                  Object {
                    "animationDuration": "300ms",
                    "minWidth": 270,
                    "width": 270,
                  }
                }
                tabIndex={-1}
              >
                <ModalBody
                  height="auto"
                  prefixCls="ui-modal"
                  style={Object {}}
                >
                  <div
                    className="ui-modal-body"
                    style={
                      Object {
                        "height": "auto",
                      }
                    }
                  >
                    <div
                      className="ui-alert"
                    >
                      <Icon
                        prefixCls="zw-icon"
                        size="md"
                        theme="warning"
                        type="warning-round"
                        viewBox="0 0 32 32"
                      >
                        <Iconfont
                          className="zw-icon zw-icon--warning-round zw-icon--warning zw-icon--md"
                          size="md"
                          theme="warning"
                          type="warning-round"
                        >
                          <Icon
                            className="zw-icon zw-icon--warning-round zw-icon--warning zw-icon--md"
                            prefixCls="zw-icon"
                            size="md"
                            theme="warning"
                            type="warning-round"
                            viewBox="0 0 32 32"
                          >
                            <i
                              className="zw-icon zw-icon--warning-round zw-icon--warning zw-icon--md"
                              size="md"
                              theme="warning"
                              type="warning-round"
                            >
                              <svg
                                fill="currentColor"
                                height="1em"
                                viewBox="0 0 32 32"
                                width="1em"
                              >
                                <use
                                  xlinkHref="#warning-round"
                                />
                              </svg>
                            </i>
                          </Icon>
                        </Iconfont>
                      </Icon>
                      <span>
                        这是一个警告框
                      </span>
                    </div>
                  </div>
                </ModalBody>
                <ModalFooter
                  prefixCls="ui-modal"
                  style={Object {}}
                >
                  <div
                    className="ui-modal-footer"
                    style={Object {}}
                  >
                    <Button
                      ghost={false}
                      htmlType="button"
                      loading={false}
                      onClick={[MockFunction]}
                      prefixCls="zw-button"
                      shape="radius"
                      size="md"
                      theme="default"
                    >
                      <button
                        className="zw-button zw-button--default zw-button--md zw-button--radius"
                        onClick={[Function]}
                        type="button"
                      >
                        <span>
                          关闭
                        </span>
                      </button>
                    </Button>
                  </div>
                </ModalFooter>
              </div>
            </div>
          </div>
        </Portal>
      </Modal>
    </AlertExtension>
  </LocaleReceiver>
</ForwardRef(forwardRef)>
`;
